
Discarded input sections

 .text          0x00000000        0x0 ..\obj\stm32f10x_pwr.o
 .data          0x00000000        0x0 ..\obj\stm32f10x_pwr.o
 .bss           0x00000000        0x0 ..\obj\stm32f10x_pwr.o
 .text.__WFI    0x00000000        0xc ..\obj\stm32f10x_pwr.o
 .text.__WFE    0x00000000        0xc ..\obj\stm32f10x_pwr.o
 .text.PWR_DeInit
                0x00000000       0x20 ..\obj\stm32f10x_pwr.o
 .text.PWR_BackupAccessCmd
                0x00000000       0x3c ..\obj\stm32f10x_pwr.o
 .text.PWR_PVDCmd
                0x00000000       0x3c ..\obj\stm32f10x_pwr.o
 .text.PWR_PVDLevelConfig
                0x00000000       0x80 ..\obj\stm32f10x_pwr.o
 .text.PWR_WakeUpPinCmd
                0x00000000       0x3c ..\obj\stm32f10x_pwr.o
 .text.PWR_EnterSTOPMode
                0x00000000       0xbc ..\obj\stm32f10x_pwr.o
 .text.PWR_EnterSTANDBYMode
                0x00000000       0x54 ..\obj\stm32f10x_pwr.o
 .text.PWR_GetFlagStatus
                0x00000000       0x5c ..\obj\stm32f10x_pwr.o
 .text.PWR_ClearFlag
                0x00000000       0x48 ..\obj\stm32f10x_pwr.o
 .debug_info    0x00000000      0x337 ..\obj\stm32f10x_pwr.o
 .debug_abbrev  0x00000000      0x165 ..\obj\stm32f10x_pwr.o
 .debug_loc     0x00000000      0x238 ..\obj\stm32f10x_pwr.o
 .debug_aranges
                0x00000000       0x70 ..\obj\stm32f10x_pwr.o
 .debug_ranges  0x00000000       0x60 ..\obj\stm32f10x_pwr.o
 .debug_line    0x00000000      0x3e2 ..\obj\stm32f10x_pwr.o
 .debug_str     0x00000000      0x28f ..\obj\stm32f10x_pwr.o
 .comment       0x00000000       0x71 ..\obj\stm32f10x_pwr.o
 .ARM.attributes
                0x00000000       0x33 ..\obj\stm32f10x_pwr.o
 .debug_frame   0x00000000      0x158 ..\obj\stm32f10x_pwr.o
 .text          0x00000000        0x0 ..\obj\main.o
 .data          0x00000000        0x0 ..\obj\main.o
 .bss           0x00000000       0x14 ..\obj\main.o
 .text.NVIC_SetPriority
                0x00000000       0x5c ..\obj\main.o
 .text.SysTick_Config
                0x00000000       0x64 ..\obj\main.o
 .text.main     0x00000000      0x2cc ..\obj\main.o
 .text.Delay    0x00000000       0x30 ..\obj\main.o
 .text.TimingDelay_Decrement
                0x00000000       0x30 ..\obj\main.o
 .debug_info    0x00000000      0x693 ..\obj\main.o
 .debug_abbrev  0x00000000      0x1f6 ..\obj\main.o
 .debug_loc     0x00000000      0x100 ..\obj\main.o
 .debug_aranges
                0x00000000       0x40 ..\obj\main.o
 .debug_ranges  0x00000000       0x30 ..\obj\main.o
 .debug_line    0x00000000      0x2cd ..\obj\main.o
 .debug_str     0x00000000      0x59a ..\obj\main.o
 .comment       0x00000000       0x71 ..\obj\main.o
 .ARM.attributes
                0x00000000       0x33 ..\obj\main.o
 .debug_frame   0x00000000       0x9c ..\obj\main.o
 .text          0x00000000        0x0 ..\obj\stm32f10x_rcc.o
 .data          0x00000000       0x14 ..\obj\stm32f10x_rcc.o
 .bss           0x00000000        0x0 ..\obj\stm32f10x_rcc.o
 .text.RCC_DeInit
                0x00000000       0xa8 ..\obj\stm32f10x_rcc.o
 .text.RCC_HSEConfig
                0x00000000       0xac ..\obj\stm32f10x_rcc.o
 .text.RCC_WaitForHSEStartUp
                0x00000000       0x64 ..\obj\stm32f10x_rcc.o
 .text.RCC_AdjustHSICalibrationValue
                0x00000000       0x58 ..\obj\stm32f10x_rcc.o
 .text.RCC_HSICmd
                0x00000000       0x3c ..\obj\stm32f10x_rcc.o
 .text.RCC_PLLConfig
                0x00000000       0xe8 ..\obj\stm32f10x_rcc.o
 .text.RCC_PLLCmd
                0x00000000       0x3c ..\obj\stm32f10x_rcc.o
 .text.RCC_PREDIV1Config
                0x00000000       0xcc ..\obj\stm32f10x_rcc.o
 .text.RCC_SYSCLKConfig
                0x00000000       0x60 ..\obj\stm32f10x_rcc.o
 .text.RCC_GetSYSCLKSource
                0x00000000       0x20 ..\obj\stm32f10x_rcc.o
 .text.RCC_HCLKConfig
                0x00000000       0x84 ..\obj\stm32f10x_rcc.o
 .text.RCC_PCLK1Config
                0x00000000       0x74 ..\obj\stm32f10x_rcc.o
 .text.RCC_PCLK2Config
                0x00000000       0x78 ..\obj\stm32f10x_rcc.o
 .text.RCC_ITConfig
                0x00000000       0x98 ..\obj\stm32f10x_rcc.o
 .text.RCC_USBCLKConfig
                0x00000000       0x38 ..\obj\stm32f10x_rcc.o
 .text.RCC_ADCCLKConfig
                0x00000000       0x6c ..\obj\stm32f10x_rcc.o
 .text.RCC_LSEConfig
                0x00000000       0x80 ..\obj\stm32f10x_rcc.o
 .text.RCC_LSICmd
                0x00000000       0x3c ..\obj\stm32f10x_rcc.o
 .text.RCC_RTCCLKConfig
                0x00000000       0x50 ..\obj\stm32f10x_rcc.o
 .text.RCC_RTCCLKCmd
                0x00000000       0x3c ..\obj\stm32f10x_rcc.o
 .text.RCC_GetClocksFreq
                0x00000000      0x1cc ..\obj\stm32f10x_rcc.o
 .text.RCC_AHBPeriphClockCmd
                0x00000000       0x90 ..\obj\stm32f10x_rcc.o
 .text.RCC_APB2PeriphClockCmd
                0x00000000       0x94 ..\obj\stm32f10x_rcc.o
 .text.RCC_APB1PeriphClockCmd
                0x00000000       0x94 ..\obj\stm32f10x_rcc.o
 .text.RCC_APB2PeriphResetCmd
                0x00000000       0x94 ..\obj\stm32f10x_rcc.o
 .text.RCC_APB1PeriphResetCmd
                0x00000000       0x94 ..\obj\stm32f10x_rcc.o
 .text.RCC_BackupResetCmd
                0x00000000       0x3c ..\obj\stm32f10x_rcc.o
 .text.RCC_ClockSecuritySystemCmd
                0x00000000       0x3c ..\obj\stm32f10x_rcc.o
 .text.RCC_MCOConfig
                0x00000000       0x4c ..\obj\stm32f10x_rcc.o
 .text.RCC_GetFlagStatus
                0x00000000       0xe0 ..\obj\stm32f10x_rcc.o
 .text.RCC_ClearFlag
                0x00000000       0x24 ..\obj\stm32f10x_rcc.o
 .text.RCC_GetITStatus
                0x00000000       0x70 ..\obj\stm32f10x_rcc.o
 .text.RCC_ClearITPendingBit
                0x00000000       0x40 ..\obj\stm32f10x_rcc.o
 .debug_info    0x00000000      0xb50 ..\obj\stm32f10x_rcc.o
 .debug_abbrev  0x00000000      0x1d0 ..\obj\stm32f10x_rcc.o
 .debug_loc     0x00000000      0x714 ..\obj\stm32f10x_rcc.o
 .debug_aranges
                0x00000000      0x120 ..\obj\stm32f10x_rcc.o
 .debug_ranges  0x00000000      0x110 ..\obj\stm32f10x_rcc.o
 .debug_line    0x00000000      0xa84 ..\obj\stm32f10x_rcc.o
 .debug_str     0x00000000      0x641 ..\obj\stm32f10x_rcc.o
 .comment       0x00000000       0x71 ..\obj\stm32f10x_rcc.o
 .ARM.attributes
                0x00000000       0x33 ..\obj\stm32f10x_rcc.o
 .debug_frame   0x00000000      0x414 ..\obj\stm32f10x_rcc.o
 .text          0x00000000        0x0 ..\obj\stm32f10x_it.o
 .data          0x00000000        0x0 ..\obj\stm32f10x_it.o
 .bss           0x00000000        0x0 ..\obj\stm32f10x_it.o
 .text.NMI_Handler
                0x00000000        0xc ..\obj\stm32f10x_it.o
 .text.HardFault_Handler
                0x00000000        0x8 ..\obj\stm32f10x_it.o
 .text.MemManage_Handler
                0x00000000        0x8 ..\obj\stm32f10x_it.o
 .text.BusFault_Handler
                0x00000000        0x8 ..\obj\stm32f10x_it.o
 .text.UsageFault_Handler
                0x00000000        0x8 ..\obj\stm32f10x_it.o
 .text.SVC_Handler
                0x00000000        0xc ..\obj\stm32f10x_it.o
 .text.DebugMon_Handler
                0x00000000        0xc ..\obj\stm32f10x_it.o
 .text.PendSV_Handler
                0x00000000        0xc ..\obj\stm32f10x_it.o
 .text.SysTick_Handler
                0x00000000        0xc ..\obj\stm32f10x_it.o
 .debug_info    0x00000000      0x14c ..\obj\stm32f10x_it.o
 .debug_abbrev  0x00000000       0x72 ..\obj\stm32f10x_it.o
 .debug_loc     0x00000000      0x18c ..\obj\stm32f10x_it.o
 .debug_aranges
                0x00000000       0x60 ..\obj\stm32f10x_it.o
 .debug_ranges  0x00000000       0x50 ..\obj\stm32f10x_it.o
 .debug_line    0x00000000      0x16e ..\obj\stm32f10x_it.o
 .debug_str     0x00000000      0x1bf ..\obj\stm32f10x_it.o
 .comment       0x00000000       0x71 ..\obj\stm32f10x_it.o
 .ARM.attributes
                0x00000000       0x33 ..\obj\stm32f10x_it.o
 .debug_frame   0x00000000       0xec ..\obj\stm32f10x_it.o

Memory Configuration

Name             Origin             Length             Attributes
rom              0x08000000         0x00020000         xr
ram              0x20000000         0x00002000         xrw
*default*        0x00000000         0xffffffff

Linker script and memory map

                0x20002000                _eram = 0x20002000

.text           0x08000000        0x0
 *(.isr_vector .isr_vector.*)
 *(.text .text.* .gnu.linkonce.t.*)
 *(.glue_7t)
 .glue_7t       0x00000000        0x0 linker stubs
 *(.glue_7)
 .glue_7        0x00000000        0x0 linker stubs
 *(.rodata .rodata* .gnu.linkonce.r.*)

.vfp11_veneer   0x08000000        0x0
 .vfp11_veneer  0x00000000        0x0 linker stubs

.v4_bx          0x08000000        0x0
 .v4_bx         0x00000000        0x0 linker stubs

.iplt           0x08000000        0x0
 .iplt          0x00000000        0x0 ..\obj\stm32f10x_pwr.o

.rel.dyn        0x08000000        0x0
 .rel.iplt      0x00000000        0x0 ..\obj\stm32f10x_pwr.o

.ARM.extab
 *(.ARM.extab* .gnu.linkonce.armextab.*)
                0x08000000                __exidx_start = .

.ARM.exidx
 *(.ARM.exidx* .gnu.linkonce.armexidx.*)
                0x08000000                __exidx_end = .
                0x08000000                . = ALIGN (0x4)
                0x08000000                _etext = .
                0x08000000                _sidata = .

.data           0x20000000        0x0 load address 0x00000000
                0x20000000                _sdata = .
 *(.data .data.*)
                0x20000000                . = ALIGN (0x4)
                0x20000000                _edata = .

.igot.plt       0x20000000        0x0
 .igot.plt      0x00000000        0x0 ..\obj\stm32f10x_pwr.o

.bss            0x20000000        0x0
                0x20000000                _sbss = .
 *(.bss .bss.*)
 *(COMMON)
                0x20000000                . = ALIGN (0x4)
                0x20000000                _ebss = .

.co_stack       0x20000000        0x0
                0x20000000                . = ALIGN (0x8)
 *(.co_stack .co_stack.*)
                0x20000000                . = ALIGN (0x4)
                0x20000000                _end = .
LOAD ..\obj\stm32f10x_pwr.o
LOAD ..\obj\main.o
LOAD ..\obj\stm32f10x_rcc.o
LOAD ..\obj\stm32f10x_it.o
START GROUP
LOAD c:/program files/gnu tools arm embedded/4.7 2013q3/bin/../lib/gcc/arm-none-eabi/4.7.4/armv7-m\libgcc.a
LOAD c:/program files/gnu tools arm embedded/4.7 2013q3/bin/../lib/gcc/arm-none-eabi/4.7.4/../../../../arm-none-eabi/lib/armv7-m\libg.a
LOAD c:/program files/gnu tools arm embedded/4.7 2013q3/bin/../lib/gcc/arm-none-eabi/4.7.4/../../../../arm-none-eabi/lib/armv7-m\libc.a
END GROUP
OUTPUT(demo.elf elf32-littlearm)
