
Discarded input sections

 .text          0x00000000        0x0 ..\obj\semihosting.o
 .data          0x00000000        0x0 ..\obj\semihosting.o
 .bss           0x00000000       0x14 ..\obj\semihosting.o
 .text.SH_SendChar
                0x00000000       0x9c ..\obj\semihosting.o
 .text.SH_SendString
                0x00000000       0x28 ..\obj\semihosting.o
 .text.SH_GetChar
                0x00000000       0x4c ..\obj\semihosting.o
 .debug_info    0x00000000      0x135 ..\obj\semihosting.o
 .debug_abbrev  0x00000000       0xa0 ..\obj\semihosting.o
 .debug_loc     0x00000000       0xa8 ..\obj\semihosting.o
 .debug_aranges
                0x00000000       0x30 ..\obj\semihosting.o
 .debug_ranges  0x00000000       0x20 ..\obj\semihosting.o
 .debug_line    0x00000000       0xa1 ..\obj\semihosting.o
 .debug_str     0x00000000      0x14c ..\obj\semihosting.o
 .comment       0x00000000       0x71 ..\obj\semihosting.o
 .ARM.attributes
                0x00000000       0x33 ..\obj\semihosting.o
 .debug_frame   0x00000000       0x70 ..\obj\semihosting.o
 .text          0x00000000        0x0 ..\obj\startup_stm32f10x_md_vl.o
 .data          0x00000000        0x0 ..\obj\startup_stm32f10x_md_vl.o
 .bss           0x00000000        0x0 ..\obj\startup_stm32f10x_md_vl.o
 .text          0x00000000        0x0 ..\obj\system_stm32f10x.o
 .data          0x00000000       0x14 ..\obj\system_stm32f10x.o
 .bss           0x00000000        0x0 ..\obj\system_stm32f10x.o
 .text.SystemCoreClockUpdate
                0x00000000      0x13c ..\obj\system_stm32f10x.o
 .text          0x00000000        0x0 ..\obj\stm32f10x_gpio.o
 .data          0x00000000        0x0 ..\obj\stm32f10x_gpio.o
 .bss           0x00000000        0x0 ..\obj\stm32f10x_gpio.o
 .text.GPIO_DeInit
                0x00000000      0x128 ..\obj\stm32f10x_gpio.o
 .text.GPIO_AFIODeInit
                0x00000000       0x20 ..\obj\stm32f10x_gpio.o
 .text.GPIO_ReadInputDataBit
                0x00000000       0x3c ..\obj\stm32f10x_gpio.o
 .text.GPIO_ReadInputData
                0x00000000       0x1c ..\obj\stm32f10x_gpio.o
 .text.GPIO_ReadOutputDataBit
                0x00000000       0x3c ..\obj\stm32f10x_gpio.o
 .text.GPIO_ReadOutputData
                0x00000000       0x1c ..\obj\stm32f10x_gpio.o
 .text.GPIO_SetBits
                0x00000000       0x1c ..\obj\stm32f10x_gpio.o
 .text.GPIO_ResetBits
                0x00000000       0x1c ..\obj\stm32f10x_gpio.o
 .text.GPIO_Write
                0x00000000       0x1c ..\obj\stm32f10x_gpio.o
 .text.GPIO_PinLockConfig
                0x00000000       0x44 ..\obj\stm32f10x_gpio.o
 .text.GPIO_EventOutputConfig
                0x00000000       0x54 ..\obj\stm32f10x_gpio.o
 .text.GPIO_EventOutputCmd
                0x00000000       0x20 ..\obj\stm32f10x_gpio.o
 .text.GPIO_PinRemapConfig
                0x00000000      0x120 ..\obj\stm32f10x_gpio.o
 .text.GPIO_EXTILineConfig
                0x00000000       0xb0 ..\obj\stm32f10x_gpio.o
 .text.GPIO_ETH_MediaInterfaceConfig
                0x00000000       0x20 ..\obj\stm32f10x_gpio.o
 .text          0x00000000        0x0 ..\obj\main.o
 .data          0x00000000        0x0 ..\obj\main.o
 .bss           0x00000000        0x0 ..\obj\main.o
 .text          0x00000000        0x0 ..\obj\printf.o
 .data          0x00000000      0x430 ..\obj\printf.o
 .bss           0x00000000        0x0 ..\obj\printf.o
 .text.PrintChar
                0x00000000       0x1c ..\obj\printf.o
 .text.PutChar  0x00000000       0x24 ..\obj\printf.o
 .text.PutString
                0x00000000       0x48 ..\obj\printf.o
 .text.PutUnsignedInt
                0x00000000       0xbc ..\obj\printf.o
 .text.PutSignedInt
                0x00000000      0x12c ..\obj\printf.o
 .text.PutHexa  0x00000000       0xe8 ..\obj\printf.o
 .text.vsnprintf
                0x00000000      0x2a4 ..\obj\printf.o
 .text.snprintf
                0x00000000       0x34 ..\obj\printf.o
 .text.vsprintf
                0x00000000       0x28 ..\obj\printf.o
 .rodata        0x00000000       0x24 ..\obj\printf.o
 .text.vfprintf
                0x00000000       0x6c ..\obj\printf.o
 .text.vprintf  0x00000000       0x2c ..\obj\printf.o
 .text.fprintf  0x00000000       0x30 ..\obj\printf.o
 .text.printf   0x00000000       0x2c ..\obj\printf.o
 .text.sprintf  0x00000000       0x30 ..\obj\printf.o
 .text.puts     0x00000000       0x28 ..\obj\printf.o
 .text.fputc    0x00000000       0x4c ..\obj\printf.o
 .text.fputs    0x00000000       0x50 ..\obj\printf.o
 .debug_info    0x00000000      0xf65 ..\obj\printf.o
 .debug_abbrev  0x00000000      0x262 ..\obj\printf.o
 .debug_loc     0x00000000      0x3ea ..\obj\printf.o
 .debug_aranges
                0x00000000       0xa0 ..\obj\printf.o
 .debug_ranges  0x00000000       0x90 ..\obj\printf.o
 .debug_line    0x00000000      0x3de ..\obj\printf.o
 .debug_str     0x00000000      0x60f ..\obj\printf.o
 .comment       0x00000000       0x71 ..\obj\printf.o
 .ARM.attributes
                0x00000000       0x33 ..\obj\printf.o
 .debug_frame   0x00000000      0x248 ..\obj\printf.o
 .text          0x00000000        0x0 ..\obj\stm32f10x_rcc.o
 .data          0x00000000       0x14 ..\obj\stm32f10x_rcc.o
 .bss           0x00000000        0x0 ..\obj\stm32f10x_rcc.o
 .text.RCC_DeInit
                0x00000000       0xa8 ..\obj\stm32f10x_rcc.o
 .text.RCC_HSEConfig
                0x00000000       0x88 ..\obj\stm32f10x_rcc.o
 .text.RCC_WaitForHSEStartUp
                0x00000000       0x64 ..\obj\stm32f10x_rcc.o
 .text.RCC_AdjustHSICalibrationValue
                0x00000000       0x48 ..\obj\stm32f10x_rcc.o
 .text.RCC_HSICmd
                0x00000000       0x20 ..\obj\stm32f10x_rcc.o
 .text.RCC_PLLConfig
                0x00000000       0x48 ..\obj\stm32f10x_rcc.o
 .text.RCC_PLLCmd
                0x00000000       0x20 ..\obj\stm32f10x_rcc.o
 .text.RCC_PREDIV1Config
                0x00000000       0x4c ..\obj\stm32f10x_rcc.o
 .text.RCC_SYSCLKConfig
                0x00000000       0x40 ..\obj\stm32f10x_rcc.o
 .text.RCC_GetSYSCLKSource
                0x00000000       0x20 ..\obj\stm32f10x_rcc.o
 .text.RCC_HCLKConfig
                0x00000000       0x40 ..\obj\stm32f10x_rcc.o
 .text.RCC_PCLK1Config
                0x00000000       0x40 ..\obj\stm32f10x_rcc.o
 .text.RCC_PCLK2Config
                0x00000000       0x44 ..\obj\stm32f10x_rcc.o
 .text.RCC_ITConfig
                0x00000000       0x60 ..\obj\stm32f10x_rcc.o
 .text.RCC_USBCLKConfig
                0x00000000       0x20 ..\obj\stm32f10x_rcc.o
 .text.RCC_ADCCLKConfig
                0x00000000       0x40 ..\obj\stm32f10x_rcc.o
 .text.RCC_LSEConfig
                0x00000000       0x60 ..\obj\stm32f10x_rcc.o
 .text.RCC_LSICmd
                0x00000000       0x20 ..\obj\stm32f10x_rcc.o
 .text.RCC_RTCCLKConfig
                0x00000000       0x2c ..\obj\stm32f10x_rcc.o
 .text.RCC_RTCCLKCmd
                0x00000000       0x20 ..\obj\stm32f10x_rcc.o
 .text.RCC_GetClocksFreq
                0x00000000      0x1cc ..\obj\stm32f10x_rcc.o
 .text.RCC_APB1PeriphClockCmd
                0x00000000       0x54 ..\obj\stm32f10x_rcc.o
 .text.RCC_APB2PeriphResetCmd
                0x00000000       0x54 ..\obj\stm32f10x_rcc.o
 .text.RCC_APB1PeriphResetCmd
                0x00000000       0x54 ..\obj\stm32f10x_rcc.o
 .text.RCC_BackupResetCmd
                0x00000000       0x20 ..\obj\stm32f10x_rcc.o
 .text.RCC_ClockSecuritySystemCmd
                0x00000000       0x20 ..\obj\stm32f10x_rcc.o
 .text.RCC_GetFlagStatus
                0x00000000       0x90 ..\obj\stm32f10x_rcc.o
 .text.RCC_ClearFlag
                0x00000000       0x24 ..\obj\stm32f10x_rcc.o
 .text.RCC_GetITStatus
                0x00000000       0x40 ..\obj\stm32f10x_rcc.o
 .text.RCC_ClearITPendingBit
                0x00000000       0x20 ..\obj\stm32f10x_rcc.o
 .text          0x00000000        0x0 ..\obj\stm32f10x_usart.o
 .data          0x00000000        0x0 ..\obj\stm32f10x_usart.o
 .bss           0x00000000        0x0 ..\obj\stm32f10x_usart.o
 .text.USART_DeInit
                0x00000000       0xd8 ..\obj\stm32f10x_usart.o
 .text.USART_Init
                0x00000000      0x1ac ..\obj\stm32f10x_usart.o
 .text.USART_StructInit
                0x00000000       0x44 ..\obj\stm32f10x_usart.o
 .text.USART_ClockInit
                0x00000000       0x58 ..\obj\stm32f10x_usart.o
 .text.USART_ClockStructInit
                0x00000000       0x34 ..\obj\stm32f10x_usart.o
 .text.USART_Cmd
                0x00000000       0x40 ..\obj\stm32f10x_usart.o
 .text.USART_ITConfig
                0x00000000       0xa4 ..\obj\stm32f10x_usart.o
 .text.USART_DMACmd
                0x00000000       0x48 ..\obj\stm32f10x_usart.o
 .text.USART_SetAddress
                0x00000000       0x38 ..\obj\stm32f10x_usart.o
 .text.USART_WakeUpConfig
                0x00000000       0x38 ..\obj\stm32f10x_usart.o
 .text.USART_ReceiverWakeUpCmd
                0x00000000       0x40 ..\obj\stm32f10x_usart.o
 .text.USART_LINBreakDetectLengthConfig
                0x00000000       0x38 ..\obj\stm32f10x_usart.o
 .text.USART_LINCmd
                0x00000000       0x40 ..\obj\stm32f10x_usart.o
 .text.USART_SendData
                0x00000000       0x28 ..\obj\stm32f10x_usart.o
 .text.USART_ReceiveData
                0x00000000       0x24 ..\obj\stm32f10x_usart.o
 .text.USART_SendBreak
                0x00000000       0x24 ..\obj\stm32f10x_usart.o
 .text.USART_SetGuardTime
                0x00000000       0x3c ..\obj\stm32f10x_usart.o
 .text.USART_SetPrescaler
                0x00000000       0x38 ..\obj\stm32f10x_usart.o
 .text.USART_SmartCardCmd
                0x00000000       0x40 ..\obj\stm32f10x_usart.o
 .text.USART_SmartCardNACKCmd
                0x00000000       0x40 ..\obj\stm32f10x_usart.o
 .text.USART_HalfDuplexCmd
                0x00000000       0x40 ..\obj\stm32f10x_usart.o
 .text.USART_OverSampling8Cmd
                0x00000000       0x48 ..\obj\stm32f10x_usart.o
 .text.USART_OneBitMethodCmd
                0x00000000       0x40 ..\obj\stm32f10x_usart.o
 .text.USART_IrDAConfig
                0x00000000       0x38 ..\obj\stm32f10x_usart.o
 .text.USART_IrDACmd
                0x00000000       0x40 ..\obj\stm32f10x_usart.o
 .text.USART_GetFlagStatus
                0x00000000       0x40 ..\obj\stm32f10x_usart.o
 .text.USART_ClearFlag
                0x00000000       0x24 ..\obj\stm32f10x_usart.o
 .text.USART_GetITStatus
                0x00000000       0xc4 ..\obj\stm32f10x_usart.o
 .text.USART_ClearITPendingBit
                0x00000000       0x44 ..\obj\stm32f10x_usart.o
 .debug_info    0x00000000      0xa8d ..\obj\stm32f10x_usart.o
 .debug_abbrev  0x00000000      0x164 ..\obj\stm32f10x_usart.o
 .debug_loc     0x00000000      0x658 ..\obj\stm32f10x_usart.o
 .debug_aranges
                0x00000000      0x100 ..\obj\stm32f10x_usart.o
 .debug_ranges  0x00000000       0xf0 ..\obj\stm32f10x_usart.o
 .debug_line    0x00000000      0x432 ..\obj\stm32f10x_usart.o
 .debug_str     0x00000000      0x633 ..\obj\stm32f10x_usart.o
 .comment       0x00000000       0x71 ..\obj\stm32f10x_usart.o
 .ARM.attributes
                0x00000000       0x33 ..\obj\stm32f10x_usart.o
 .debug_frame   0x00000000      0x344 ..\obj\stm32f10x_usart.o
 .data          0x00000000        0x0 ..\obj\sh_cmd.o
 .bss           0x00000000        0x0 ..\obj\sh_cmd.o
 .text          0x00000000        0x0 ..\obj\syscalls.o
 .data          0x00000000        0x0 ..\obj\syscalls.o
 .bss           0x00000000        0x4 ..\obj\syscalls.o
 .text._sbrk    0x00000000       0x5c ..\obj\syscalls.o
 .text.link     0x00000000       0x1c ..\obj\syscalls.o
 .text._close   0x00000000       0x18 ..\obj\syscalls.o
 .text._fstat   0x00000000       0x24 ..\obj\syscalls.o
 .text._isatty  0x00000000       0x18 ..\obj\syscalls.o
 .text._lseek   0x00000000       0x1c ..\obj\syscalls.o
 .text._read    0x00000000       0x1c ..\obj\syscalls.o
 .text._write   0x00000000       0x1c ..\obj\syscalls.o
 .text.abort    0x00000000        0x8 ..\obj\syscalls.o
 .debug_info    0x00000000      0x443 ..\obj\syscalls.o
 .debug_abbrev  0x00000000       0xe4 ..\obj\syscalls.o
 .debug_loc     0x00000000      0x1ec ..\obj\syscalls.o
 .debug_aranges
                0x00000000       0x60 ..\obj\syscalls.o
 .debug_ranges  0x00000000       0x50 ..\obj\syscalls.o
 .debug_line    0x00000000      0x191 ..\obj\syscalls.o
 .debug_str     0x00000000      0x287 ..\obj\syscalls.o
 .comment       0x00000000       0x71 ..\obj\syscalls.o
 .ARM.attributes
                0x00000000       0x33 ..\obj\syscalls.o
 .debug_frame   0x00000000      0x108 ..\obj\syscalls.o

Memory Configuration

Name             Origin             Length             Attributes
rom              0x08000000         0x00020000         xr
ram              0x20000000         0x00002000         xrw
*default*        0x00000000         0xffffffff

Linker script and memory map

                0x20002000                _eram = 0x20002000

.text           0x08000000      0x9d0
 *(.isr_vector)
 .isr_vector    0x08000000      0x124 ..\obj\startup_stm32f10x_md_vl.o
                0x08000000                g_pfnVectors
 *(.text*)
 .text.Default_Reset_Handler
                0x08000124       0x70 ..\obj\startup_stm32f10x_md_vl.o
                0x08000124                Default_Reset_Handler
                0x08000124                Reset_Handler
 .text.Default_Handler
                0x08000194        0x8 ..\obj\startup_stm32f10x_md_vl.o
                0x08000194                EXTI2_IRQHandler
                0x08000194                DebugMon_Handler
                0x08000194                TIM1_CC_IRQHandler
                0x08000194                PVD_IRQHandler
                0x08000194                PendSV_Handler
                0x08000194                NMI_Handler
                0x08000194                EXTI3_IRQHandler
                0x08000194                EXTI0_IRQHandler
                0x08000194                I2C2_EV_IRQHandler
                0x08000194                TIM1_UP_TIM16_IRQHandler
                0x08000194                SPI1_IRQHandler
                0x08000194                TAMPER_IRQHandler
                0x08000194                TIM6_DAC_IRQHandler
                0x08000194                DMA1_Channel4_IRQHandler
                0x08000194                ADC1_IRQHandler
                0x08000194                USART3_IRQHandler
                0x08000194                RTC_IRQHandler
                0x08000194                DMA1_Channel7_IRQHandler
                0x08000194                TIM4_IRQHandler
                0x08000194                I2C1_EV_IRQHandler
                0x08000194                DMA1_Channel6_IRQHandler
                0x08000194                TIM3_IRQHandler
                0x08000194                RCC_IRQHandler
                0x08000194                DMA1_Channel1_IRQHandler
                0x08000194                CEC_IRQHandler
                0x08000194                EXTI15_10_IRQHandler
                0x08000194                TIM7_IRQHandler
                0x08000194                EXTI9_5_IRQHandler
                0x08000194                SPI2_IRQHandler
                0x08000194                MemManage_Handler
                0x08000194                SVC_Handler
                0x08000194                DMA1_Channel5_IRQHandler
                0x08000194                EXTI4_IRQHandler
                0x08000194                TIM1_TRG_COM_TIM17_IRQHandler
                0x08000194                DMA1_Channel3_IRQHandler
                0x08000194                WWDG_IRQHandler
                0x08000194                TIM2_IRQHandler
                0x08000194                EXTI1_IRQHandler
                0x08000194                RTCAlarm_IRQHandler
                0x08000194                USART2_IRQHandler
                0x08000194                I2C2_ER_IRQHandler
                0x08000194                DMA1_Channel2_IRQHandler
                0x08000194                FLASH_IRQHandler
                0x08000194                BusFault_Handler
                0x08000194                USART1_IRQHandler
                0x08000194                I2C1_ER_IRQHandler
                0x08000194                TIM1_BRK_TIM15_IRQHandler
 .text.SystemInit
                0x0800019c       0xb8 ..\obj\system_stm32f10x.o
                0x0800019c                SystemInit
 .text.SetSysClock
                0x08000254       0x54 ..\obj\system_stm32f10x.o
 .text.SetSysClockTo24
                0x080002a8      0x15c ..\obj\system_stm32f10x.o
 .text.GPIO_Init
                0x08000404      0x1b0 ..\obj\stm32f10x_gpio.o
                0x08000404                GPIO_Init
 .text.GPIO_StructInit
                0x080005b4       0x2c ..\obj\stm32f10x_gpio.o
                0x080005b4                GPIO_StructInit
 .text.GPIO_WriteBit
                0x080005e0       0x30 ..\obj\stm32f10x_gpio.o
                0x080005e0                GPIO_WriteBit
 .text.NVIC_SetPriorityGrouping
                0x08000610       0x50 ..\obj\main.o
 .text.NVIC_SetPriority
                0x08000660       0x5c ..\obj\main.o
 .text.SysTick_Config
                0x080006bc       0x64 ..\obj\main.o
 .text.SysTick_Handler
                0x08000720       0x3c ..\obj\main.o
                0x08000720                SysTick_Handler
 .text.UsageFault_Handler
                0x0800075c       0x40 ..\obj\main.o
                0x0800075c                UsageFault_Handler
 .text.main     0x0800079c      0x13c ..\obj\main.o
                0x0800079c                main
 .text.RCC_AHBPeriphClockCmd
                0x080008d8       0x54 ..\obj\stm32f10x_rcc.o
                0x080008d8                RCC_AHBPeriphClockCmd
 .text.RCC_APB2PeriphClockCmd
                0x0800092c       0x54 ..\obj\stm32f10x_rcc.o
                0x0800092c                RCC_APB2PeriphClockCmd
 .text.RCC_MCOConfig
                0x08000980       0x20 ..\obj\stm32f10x_rcc.o
                0x08000980                RCC_MCOConfig
 .text          0x080009a0       0x30 ..\obj\sh_cmd.o
                0x080009a0                SH_DoCommand
                0x080009b6                HardFault_Handler
 *(.init)
 *(.fini)
 *crtbegin.o(.ctors)
 *crtbegin?.o(.ctors)
 *(EXCLUDE_FILE(*crtend.o *crtend?.o) .ctors)
 *(SORT(.ctors.*))
 *(.ctors)
 *crtbegin.o(.dtors)
 *crtbegin?.o(.dtors)
 *(EXCLUDE_FILE(*crtend.o *crtend?.o) .dtors)
 *(SORT(.dtors.*))
 *(.dtors)
 *(.rodata*)
 *(.eh_fram e*)

.glue_7         0x080009d0        0x0
 .glue_7        0x00000000        0x0 linker stubs

.glue_7t        0x080009d0        0x0
 .glue_7t       0x00000000        0x0 linker stubs

.vfp11_veneer   0x080009d0        0x0
 .vfp11_veneer  0x00000000        0x0 linker stubs

.v4_bx          0x080009d0        0x0
 .v4_bx         0x00000000        0x0 linker stubs

.iplt           0x080009d0        0x0
 .iplt          0x00000000        0x0 ..\obj\semihosting.o

.rel.dyn        0x080009d0        0x0
 .rel.iplt      0x00000000        0x0 ..\obj\semihosting.o

.ARM.extab
 *(.ARM.extab* .gnu.linkonce.armextab.*)
                0x080009d0                __exidx_start = .

.ARM.exidx
 *(.ARM.exidx* .gnu.linkonce.armexidx.*)
                0x080009d0                __exidx_end = .
                0x080009d0                __etext = .
                0x080009d0                _sidata = __etext

.data           0x20000000        0x0 load address 0x080009d0
                0x20000000                __data_start__ = .
                0x20000000                _sdata = __data_start__
 *(vtable)
 *(.data*)
                0x20000000                . = ALIGN (0x4)
                0x20000000                PROVIDE (__preinit_array_start, .)
 *(.preinit_array)
                0x20000000                PROVIDE (__preinit_array_end, .)
                0x20000000                . = ALIGN (0x4)
                0x20000000                PROVIDE (__init_array_start, .)
 *(SORT(.init_array.*))
 *(.init_array)
                0x20000000                PROVIDE (__init_array_end, .)
                0x20000000                . = ALIGN (0x4)
                0x20000000                PROVIDE (__fini_array_start, .)
 *(SORT(.fini_array.*))
 *(.fini_array)
                0x20000000                PROVIDE (__fini_array_end, .)
 *(.jcr*)
                0x20000000                . = ALIGN (0x4)
                0x20000000                __data_end__ = .
                0x20000000                _edata = __data_end__

.igot.plt       0x20000000        0x0
 .igot.plt      0x00000000        0x0 ..\obj\semihosting.o

.bss            0x20000000        0x0
                0x20000000                . = ALIGN (0x4)
                0x20000000                __bss_start__ = .
                0x20000000                _sbss = __bss_start__
 *(.bss*)
 *(COMMON)
                0x20000000                . = ALIGN (0x4)
                0x20000000                __bss_end__ = .
                0x20000000                _ebss = __bss_end__

.heap           0x20000000        0x0
                0x20000000                __end__ = .
                0x20000000                _end = __end__
                0x20000000                end = __end__
 *(.heap*)
                0x20000000                __HeapLimit = .

.co_stack       0x20000000      0x400
                0x20000000                . = ALIGN (0x8)
 *(.co_stack .co_stack.*)
 .co_stack      0x20000000      0x400 ..\obj\startup_stm32f10x_md_vl.o
                0x20000000                pulStack
                0x20002000                __StackTop = (ORIGIN (ram) + 0x2000)
                0x20001c00                __StackLimit = (__StackTop - SIZEOF (.co_stack))
                0x20002000                PROVIDE (__stack, __StackTop)
                0x00000001                ASSERT ((__StackLimit >= __HeapLimit), region ram  overflowed with stack)
LOAD ..\obj\semihosting.o
LOAD ..\obj\startup_stm32f10x_md_vl.o
LOAD ..\obj\system_stm32f10x.o
LOAD ..\obj\stm32f10x_gpio.o
LOAD ..\obj\main.o
LOAD ..\obj\printf.o
LOAD ..\obj\stm32f10x_rcc.o
LOAD ..\obj\stm32f10x_usart.o
LOAD ..\obj\sh_cmd.o
LOAD ..\obj\syscalls.o
START GROUP
LOAD c:/program files/gnu tools arm embedded/4.7 2013q3/bin/../lib/gcc/arm-none-eabi/4.7.4/armv7-m\libgcc.a
LOAD c:/program files/gnu tools arm embedded/4.7 2013q3/bin/../lib/gcc/arm-none-eabi/4.7.4/../../../../arm-none-eabi/lib/armv7-m\libg.a
LOAD c:/program files/gnu tools arm embedded/4.7 2013q3/bin/../lib/gcc/arm-none-eabi/4.7.4/../../../../arm-none-eabi/lib/armv7-m\libc.a
END GROUP
OUTPUT(first.elf elf32-littlearm)

.debug_info     0x00000000     0x2196
 .debug_info    0x00000000       0xff ..\obj\startup_stm32f10x_md_vl.o
 .debug_info    0x000000ff      0x59d ..\obj\system_stm32f10x.o
 .debug_info    0x0000069c      0x739 ..\obj\stm32f10x_gpio.o
 .debug_info    0x00000dd5      0x99f ..\obj\main.o
 .debug_info    0x00001774      0x99b ..\obj\stm32f10x_rcc.o
 .debug_info    0x0000210f       0x87 ..\obj\sh_cmd.o

.debug_abbrev   0x00000000      0x843
 .debug_abbrev  0x00000000       0xa9 ..\obj\startup_stm32f10x_md_vl.o
 .debug_abbrev  0x000000a9      0x179 ..\obj\system_stm32f10x.o
 .debug_abbrev  0x00000222      0x1ca ..\obj\stm32f10x_gpio.o
 .debug_abbrev  0x000003ec      0x287 ..\obj\main.o
 .debug_abbrev  0x00000673      0x1bc ..\obj\stm32f10x_rcc.o
 .debug_abbrev  0x0000082f       0x14 ..\obj\sh_cmd.o

.debug_loc      0x00000000      0xd74
 .debug_loc     0x00000000       0x64 ..\obj\startup_stm32f10x_md_vl.o
 .debug_loc     0x00000064       0xd4 ..\obj\system_stm32f10x.o
 .debug_loc     0x00000138      0x3e4 ..\obj\stm32f10x_gpio.o
 .debug_loc     0x0000051c      0x144 ..\obj\main.o
 .debug_loc     0x00000660      0x714 ..\obj\stm32f10x_rcc.o

.debug_aranges  0x00000000      0x290
 .debug_aranges
                0x00000000       0x28 ..\obj\startup_stm32f10x_md_vl.o
 .debug_aranges
                0x00000028       0x38 ..\obj\system_stm32f10x.o
 .debug_aranges
                0x00000060       0xa8 ..\obj\stm32f10x_gpio.o
 .debug_aranges
                0x00000108       0x48 ..\obj\main.o
 .debug_aranges
                0x00000150      0x120 ..\obj\stm32f10x_rcc.o
 .debug_aranges
                0x00000270       0x20 ..\obj\sh_cmd.o

.debug_ranges   0x00000000      0x220
 .debug_ranges  0x00000000       0x18 ..\obj\startup_stm32f10x_md_vl.o
 .debug_ranges  0x00000018       0x28 ..\obj\system_stm32f10x.o
 .debug_ranges  0x00000040       0x98 ..\obj\stm32f10x_gpio.o
 .debug_ranges  0x000000d8       0x38 ..\obj\main.o
 .debug_ranges  0x00000110      0x110 ..\obj\stm32f10x_rcc.o

.debug_line     0x00000000      0xd01
 .debug_line    0x00000000       0x9d ..\obj\startup_stm32f10x_md_vl.o
 .debug_line    0x0000009d      0x203 ..\obj\system_stm32f10x.o
 .debug_line    0x000002a0      0x346 ..\obj\stm32f10x_gpio.o
 .debug_line    0x000005e6      0x240 ..\obj\main.o
 .debug_line    0x00000826      0x464 ..\obj\stm32f10x_rcc.o
 .debug_line    0x00000c8a       0x77 ..\obj\sh_cmd.o

.debug_str      0x00000000      0xf2f
 .debug_str     0x00000000       0xfd ..\obj\startup_stm32f10x_md_vl.o
                                0x10f (size before relaxing)
 .debug_str     0x000000fd      0x31a ..\obj\system_stm32f10x.o
                                0x3bc (size before relaxing)
 .debug_str     0x00000417      0x281 ..\obj\stm32f10x_gpio.o
                                0x4bc (size before relaxing)
 .debug_str     0x00000698      0x482 ..\obj\main.o
                                0x740 (size before relaxing)
 .debug_str     0x00000b1a      0x415 ..\obj\stm32f10x_rcc.o
                                0x610 (size before relaxing)

.comment        0x00000000       0x70
 .comment       0x00000000       0x70 ..\obj\startup_stm32f10x_md_vl.o
                                 0x71 (size before relaxing)
 .comment       0x00000000       0x71 ..\obj\system_stm32f10x.o
 .comment       0x00000000       0x71 ..\obj\stm32f10x_gpio.o
 .comment       0x00000000       0x71 ..\obj\main.o
 .comment       0x00000000       0x71 ..\obj\stm32f10x_rcc.o

.ARM.attributes
                0x00000000       0x31
 .ARM.attributes
                0x00000000       0x33 ..\obj\startup_stm32f10x_md_vl.o
 .ARM.attributes
                0x00000033       0x33 ..\obj\system_stm32f10x.o
 .ARM.attributes
                0x00000066       0x33 ..\obj\stm32f10x_gpio.o
 .ARM.attributes
                0x00000099       0x33 ..\obj\main.o
 .ARM.attributes
                0x000000cc       0x33 ..\obj\stm32f10x_rcc.o
 .ARM.attributes
                0x000000ff       0x21 ..\obj\sh_cmd.o

.debug_frame    0x00000000      0x740
 .debug_frame   0x00000000       0x48 ..\obj\startup_stm32f10x_md_vl.o
 .debug_frame   0x00000048       0x84 ..\obj\system_stm32f10x.o
 .debug_frame   0x000000cc      0x210 ..\obj\stm32f10x_gpio.o
 .debug_frame   0x000002dc       0xc0 ..\obj\main.o
 .debug_frame   0x0000039c      0x3a4 ..\obj\stm32f10x_rcc.o
